[marketifythemes.net/wp/istanbul/1/index.html]
[backblue.gif]
[fade.gif]
[index.html]
[marketifythemes.net/wp/istanbul/1/wp-content/plugins/contact-form-7/includes/css/stylesd9cd.css]
[marketifythemes.net/wp/istanbul/1/feed/index.html]
[marketifythemes.net/wp/istanbul/1/wp-content/plugins/elementor/assets/lib/eicons/css/elementor-icons.mind54b.css]
[marketifythemes.net/wp/istanbul/1/comments/feed/index.html]
[marketifythemes.net/wp/istanbul/1/wp-content/plugins/elementor/assets/css/frontend-lite.min3cad.css]
[marketifythemes.net/wp/istanbul/1/wp-content/plugins/elementor/assets/lib/swiper/v8/css/swiper.min94a4.css]
[marketifythemes.net/wp/istanbul/1/wp-content/uploads/elementor/css/post-77e42.css]
[marketifythemes.net/wp/istanbul/1/wp-content/plugins/istanbul-core/elementor/assets/css/headline-animationf269.css]
[marketifythemes.net/wp/istanbul/1/wp-content/plugins/istanbul-core/elementor/assets/css/stylef269.css]
[marketifythemes.net/wp/istanbul/1/wp-content/uploads/elementor/css/global7e42.css]
[marketifythemes.net/wp/istanbul/1/wp-content/uploads/elementor/css/post-13d43f.css]
[marketifythemes.net/wp/istanbul/1/wp-content/themes/istanbul/assets/css/fa-new9bad.css]
[marketifythemes.net/wp/istanbul/1/wp-content/themes/istanbul/assets/css/owl.theme.default.min9bad.css]
[marketifythemes.net/wp/istanbul/1/wp-content/themes/istanbul/assets/css/owl.carousel.min9bad.css]
[marketifythemes.net/wp/istanbul/1/wp-content/themes/istanbul/assets/css/magnific.popup9bad.css]
[marketifythemes.net/wp/istanbul/1/wp-content/themes/istanbul/assets/css/fontello9bad.css]
[marketifythemes.net/wp/istanbul/1/wp-content/themes/istanbul/assets/css/import/wp-core9bad.css]
[marketifythemes.net/wp/istanbul/1/wp-content/themes/istanbul/assets/css/import/widgets9bad.css]
[marketifythemes.net/wp/istanbul/1/wp-content/themes/istanbul/assets/css/base9bad.css]
[marketifythemes.net/wp/istanbul/1/wp-content/themes/istanbul/assets/css/skeleton9bad.css]
[marketifythemes.net/wp/istanbul/1/wp-content/themes/istanbul/style9bad.css]
[marketifythemes.net/wp/istanbul/1/wp-content/themes/istanbul/assets/css/inline9b15.css]
[marketifythemes.net/wp/istanbul/1/wp-includes/js/jquery/jquery.minf43b.js]
[marketifythemes.net/wp/istanbul/1/wp-includes/js/jquery/jquery-migrate.min5589.js]
[marketifythemes.net/wp/istanbul/1/wp-content/themes/istanbul/assets/js/modernizr.custom9bad.js]
[marketifythemes.net/wp/istanbul/1/wp-content/themes/istanbul/assets/js/magnific.popup9bad.js]
[marketifythemes.net/wp/istanbul/1/wp-json/wp/v2/pages/13.json]
[marketifythemes.net/wp/istanbul/1/xmlrpc0db0.php]
[marketifythemes.net/wp/istanbul/1/wp-json/oembed/1.0/embed8c0b.json]
[marketifythemes.net/wp/istanbul/1/wp-json/index.html]
[marketifythemes.net/wp/istanbul/1/wp-json/oembed/1.0/embed8a3d]
[marketifythemes.net/wp/istanbul/1/about-me/index.html]
[marketifythemes.net/wp/istanbul/1/creative-portfolio/index.html]
[marketifythemes.net/wp/istanbul/1/latest-posts/index.html]
[marketifythemes.net/wp/istanbul/1/wp-content/plugins/contact-form-7/includes/swv/js/indexd9cd.js]
[marketifythemes.net/wp/istanbul/1/get-in-touch/index.html]
[marketifythemes.net/wp/istanbul/1/wp-content/plugins/contact-form-7/includes/js/indexd9cd.js]
[marketifythemes.net/wp/istanbul/1/wp-content/themes/istanbul/assets/js/owl.carousel.min9bad.js]
[marketifythemes.net/wp/istanbul/1/wp-content/themes/istanbul/assets/js/isotope9bad.js]
[marketifythemes.net/wp/istanbul/1/wp-content/themes/istanbul/assets/js/init9bad.js]
[marketifythemes.net/wp/istanbul/1/wp-includes/js/comment-reply.minadc6.js]
[marketifythemes.net/wp/istanbul/1/wp-content/plugins/elementor/assets/js/webpack.runtime.min3cad.js]
[marketifythemes.net/wp/istanbul/1/wp-content/plugins/elementor/assets/js/frontend-modules.min3cad.js]
[marketifythemes.net/wp/istanbul/1/wp-content/plugins/elementor/assets/lib/waypoints/waypoints.min05da.js]
[marketifythemes.net/wp/istanbul/1/wp-includes/js/jquery/ui/core.min3f14.js]
[marketifythemes.net/wp/istanbul/1/wp-content/plugins/elementor/assets/js/frontend.min3cad.js]
[marketifythemes.net/wp/istanbul/1/wp-content/plugins/istanbul-core/elementor/assets/js/parallax-effect68b3.js]
[marketifythemes.net/wp/istanbul/1/wp-content/plugins/istanbul-core/elementor/assets/js/waypoints68b3.js]
[marketifythemes.net/wp/istanbul/1/wp-content/plugins/istanbul-core/elementor/assets/js/countto68b3.js]
[marketifythemes.net/wp/istanbul/1/wp-content/plugins/istanbul-core/elementor/assets/js/headline-animation68b3.js]
[marketifythemes.net/wp/istanbul/1/index.html]
[marketifythemes.net/wp/istanbul/1/wp-content/plugins/contact-form-7/includes/css/stylesd9cd.css]
[marketifythemes.net/wp/istanbul/1/wp-content/plugins/istanbul-core/elementor/assets/js/init68b3.js]
[marketifythemes.net/wp/istanbul/1/wp-content/plugins/elementor/assets/lib/eicons/fonts/eicons8016.eot]
[marketifythemes.net/wp/istanbul/1/wp-content/plugins/elementor/assets/lib/eicons/fonts/eicons8016.woff2]
[marketifythemes.net/wp/istanbul/1/wp-content/plugins/elementor/assets/lib/eicons/fonts/eicons8016.woff]
[marketifythemes.net/wp/istanbul/1/wp-content/plugins/elementor/assets/lib/eicons/fonts/eicons8016.ttf]
[marketifythemes.net/wp/istanbul/1/wp-content/plugins/elementor/assets/lib/eicons/css/elementor-icons.mind54b.css]
[marketifythemes.net/wp/istanbul/1/wp-content/plugins/elementor/assets/css/frontend-lite.min3cad.css]
[marketifythemes.net/wp/istanbul/1/wp-content/plugins/elementor/assets/lib/swiper/v8/css/swiper.min94a4.css]
[marketifythemes.net/wp/istanbul/1/wp-content/uploads/elementor/css/post-77e42.css]
[marketifythemes.net/wp/istanbul/1/wp-content/plugins/istanbul-core/elementor/assets/css/headline-animationf269.css]
[marketifythemes.net/wp/istanbul/1/wp-content/plugins/istanbul-core/elementor/assets/css/stylef269.css]
[marketifythemes.net/wp/istanbul/1/wp-content/uploads/elementor/css/global7e42.css]
[marketifythemes.net/wp/istanbul/1/wp-content/plugins/elementor/assets/lib/eicons/fonts/eicons8016.svg]
[marketifythemes.net/wp/istanbul/1/wp-content/uploads/2024/05/img18.jpg]
[marketifythemes.net/wp/istanbul/1/wp-content/uploads/elementor/css/post-13d43f.css]
[marketifythemes.net/wp/istanbul/1/wp-content/themes/istanbul/assets/webfonts/fa-brands-400.eot]
[marketifythemes.net/wp/istanbul/1/wp-content/themes/istanbul/assets/webfonts/fa-brands-400d41d.eot]
[marketifythemes.net/wp/istanbul/1/wp-content/themes/istanbul/assets/webfonts/fa-brands-400.woff2]
[marketifythemes.net/wp/istanbul/1/wp-content/themes/istanbul/assets/webfonts/fa-brands-400.woff]
[marketifythemes.net/wp/istanbul/1/wp-content/themes/istanbul/assets/webfonts/fa-brands-400.ttf]
[marketifythemes.net/wp/istanbul/1/wp-content/themes/istanbul/assets/webfonts/fa-brands-400.svg]
[marketifythemes.net/wp/istanbul/1/wp-content/themes/istanbul/assets/webfonts/fa-regular-400.eot]
[marketifythemes.net/wp/istanbul/1/wp-content/themes/istanbul/assets/webfonts/fa-regular-400d41d.eot]
[marketifythemes.net/wp/istanbul/1/wp-content/themes/istanbul/assets/webfonts/fa-regular-400.woff2]
[marketifythemes.net/wp/istanbul/1/wp-content/themes/istanbul/assets/webfonts/fa-regular-400.woff]
[marketifythemes.net/wp/istanbul/1/wp-content/themes/istanbul/assets/webfonts/fa-regular-400.ttf]
[marketifythemes.net/wp/istanbul/1/wp-content/themes/istanbul/assets/webfonts/fa-regular-400.svg]
[marketifythemes.net/wp/istanbul/1/wp-content/themes/istanbul/assets/webfonts/fa-solid-900.eot]
[marketifythemes.net/wp/istanbul/1/wp-content/themes/istanbul/assets/webfonts/fa-solid-900d41d.eot]
[marketifythemes.net/wp/istanbul/1/wp-content/themes/istanbul/assets/webfonts/fa-solid-900.woff2]
[marketifythemes.net/wp/istanbul/1/wp-content/themes/istanbul/assets/webfonts/fa-solid-900.woff]
[marketifythemes.net/wp/istanbul/1/wp-content/themes/istanbul/assets/webfonts/fa-solid-900.ttf]
[marketifythemes.net/wp/istanbul/1/wp-content/themes/istanbul/assets/css/fa-new9bad.css]
[marketifythemes.net/wp/istanbul/1/wp-content/themes/istanbul/assets/css/owl.theme.default.min9bad.css]
[marketifythemes.net/wp/istanbul/1/wp-content/themes/istanbul/assets/webfonts/fa-solid-900.svg]
[marketifythemes.net/wp/istanbul/1/wp-content/themes/istanbul/assets/css/owl.video.play.png]
[marketifythemes.net/wp/istanbul/1/wp-content/themes/istanbul/assets/css/owl.carousel.min9bad.css]
[marketifythemes.net/wp/istanbul/1/wp-content/themes/istanbul/assets/css/magnific.popup9bad.css]
[marketifythemes.net/wp/istanbul/1/wp-content/themes/istanbul/assets/css/font/fontello4c98.eot]
[marketifythemes.net/wp/istanbul/1/wp-content/themes/istanbul/assets/css/font/fontello4c98.woff2]
[marketifythemes.net/wp/istanbul/1/wp-content/themes/istanbul/assets/css/font/fontello4c98.woff]
[marketifythemes.net/wp/istanbul/1/wp-content/themes/istanbul/assets/css/font/fontello4c98.ttf]
[marketifythemes.net/wp/istanbul/1/wp-content/themes/istanbul/assets/css/fontello9bad.css]
[marketifythemes.net/wp/istanbul/1/wp-content/themes/istanbul/assets/css/import/wp-core9bad.css]
[marketifythemes.net/wp/istanbul/1/wp-content/themes/istanbul/assets/css/import/widgets9bad.css]
[marketifythemes.net/wp/istanbul/1/wp-content/themes/istanbul/assets/css/base9bad.css]
[marketifythemes.net/wp/istanbul/1/wp-content/themes/istanbul/assets/css/skeleton9bad.css]
[marketifythemes.net/wp/istanbul/1/wp-content/themes/istanbul/style9bad.css]
[marketifythemes.net/wp/istanbul/1/wp-content/themes/istanbul/assets/css/inline9b15.css]
[marketifythemes.net/wp/istanbul/1/wp-includes/js/jquery/jquery.minf43b.js]
[marketifythemes.net/wp/istanbul/1/wp-includes/js/jquery/jquery-migrate.min5589.js]
[marketifythemes.net/wp/istanbul/1/wp-content/themes/istanbul/assets/js/modernizr.custom9bad.js]
[marketifythemes.net/wp/istanbul/1/wp-content/themes/istanbul/assets/js/magnific.popup9bad.js]
[marketifythemes.net/wp/istanbul/1/wp-content/themes/istanbul/assets/css/font/fontello4c98.svg]
[marketifythemes.net/wp/istanbul/1/wp-content/uploads/elementor/css/post-26ea7a.css]
[marketifythemes.net/wp/istanbul/1/wp-json/wp/v2/pages/26.json]
[marketifythemes.net/wp/istanbul/1/wp-json/oembed/1.0/embedad63.json]
[marketifythemes.net/wp/istanbul/1/wp-json/oembed/1.0/embed80a8]
[marketifythemes.net/wp/istanbul/1/wp-content/uploads/2024/05/img17.jpg]
[marketifythemes.net/wp/istanbul/1/wp-content/uploads/2024/05/cv.jpg]
[marketifythemes.net/wp/istanbul/1/wp-content/uploads/2024/05/8.png]
[marketifythemes.net/wp/istanbul/1/wp-content/uploads/2024/05/7.png]
[marketifythemes.net/wp/istanbul/1/wp-content/uploads/2024/05/6.png]
[marketifythemes.net/wp/istanbul/1/wp-content/uploads/2024/05/5.png]
[marketifythemes.net/wp/istanbul/1/wp-content/uploads/2024/05/4.png]
[marketifythemes.net/wp/istanbul/1/wp-content/uploads/2024/05/3.png]
[marketifythemes.net/wp/istanbul/1/wp-content/uploads/2024/05/2.png]
[marketifythemes.net/wp/istanbul/1/wp-content/uploads/2024/05/1.png]
[marketifythemes.net/wp/istanbul/1/wp-content/plugins/istanbul-core/elementor/assets/img/1-1.jpg]
[marketifythemes.net/wp/istanbul/1/wp-content/uploads/2024/05/6.jpg]
[marketifythemes.net/wp/istanbul/1/wp-content/uploads/2024/05/1.jpg]
[marketifythemes.net/wp/istanbul/1/wp-content/uploads/2024/05/5.jpg]
[marketifythemes.net/wp/istanbul/1/wp-content/uploads/2024/05/3.jpg]
[marketifythemes.net/wp/istanbul/1/wp-content/uploads/2024/05/7.jpg]
[marketifythemes.net/wp/istanbul/1/wp-content/uploads/2024/05/2.jpg]
[marketifythemes.net/wp/istanbul/1/wp-content/uploads/2024/06/1.png]
[marketifythemes.net/wp/istanbul/1/about-me/index.html]
[marketifythemes.net/cdn-cgi/scripts/5c5dd728/cloudflare-static/email-decode.min.js]
[marketifythemes.net/wp/istanbul/1/category/marketing/index.html]
[marketifythemes.net/wp/istanbul/1/wp-json/wp/v2/pages/55.json]
[marketifythemes.net/wp/istanbul/1/category/digital/index.html]
[marketifythemes.net/wp/istanbul/1/category/portfolio/index.html]
[marketifythemes.net/wp/istanbul/1/wp-json/oembed/1.0/embed810f.json]
[marketifythemes.net/wp/istanbul/1/category/wordpress/index.html]
[marketifythemes.net/wp/istanbul/1/category/theme/index.html]
[marketifythemes.net/wp/istanbul/1/wp-json/oembed/1.0/embedf338]
[marketifythemes.net/wp/istanbul/1/category/blog/index.html]
[marketifythemes.net/wp/istanbul/1/category/creative/index.html]
[marketifythemes.net/wp/istanbul/1/project-cat/image/index.html]
[marketifythemes.net/wp/istanbul/1/project-cat/vimeo/index.html]
[marketifythemes.net/wp/istanbul/1/wp-content/uploads/2024/05/img13.jpg]
[marketifythemes.net/wp/istanbul/1/project-cat/youtube/index.html]
[marketifythemes.net/wp/istanbul/1/project-cat/slider/index.html]
[marketifythemes.net/wp/istanbul/1/project-cat/video/index.html]
[marketifythemes.net/wp/istanbul/1/project-cat/soundcloud/index.html]
[marketifythemes.net/wp/istanbul/1/wp-content/uploads/2024/05/img16.jpg]
[marketifythemes.net/wp/istanbul/1/wp-content/uploads/2024/05/img9.jpg]
[marketifythemes.net/wp/istanbul/1/wp-content/uploads/2024/05/img8.jpg]
[marketifythemes.net/wp/istanbul/1/wp-content/themes/istanbul/assets/img/square.jpg]
[marketifythemes.net/wp/istanbul/1/wp-content/uploads/2024/05/video.mp4]
[marketifythemes.net/wp/istanbul/1/wp-content/uploads/2024/05/img12.jpg]
[marketifythemes.net/wp/istanbul/1/wp-content/uploads/2024/05/img14.jpg]
[marketifythemes.net/wp/istanbul/1/wp-content/uploads/2024/05/img15.jpg]
[marketifythemes.net/wp/istanbul/1/creative-portfolio/index.html]
[marketifythemes.net/wp/istanbul/1/wp-includes/css/dist/block-library/style.minadc6.css]
[marketifythemes.net/wp/istanbul/1/wp-json/wp/v2/pages/84.json]
[marketifythemes.net/wp/istanbul/1/wp-json/oembed/1.0/embed57ad.json]
[marketifythemes.net/wp/istanbul/1/wp-json/oembed/1.0/embedf7ac]
[marketifythemes.net/wp/istanbul/1/effective-marketing-strategy/index.html]
[marketifythemes.net/wp/istanbul/1/wp-content/uploads/2024/05/img6.jpg]
[marketifythemes.net/wp/istanbul/1/author/marketify/index.html]
[marketifythemes.net/wp/istanbul/1/2024/05/27/index.html]
[marketifythemes.net/wp/istanbul/1/why-themeforest-is-the-best/index.html]
[marketifythemes.net/wp/istanbul/1/wp-content/uploads/2024/05/img7.jpg]
[marketifythemes.net/wp/istanbul/1/collaborating-with-envato/index.html]
[marketifythemes.net/wp/istanbul/1/wp-content/uploads/2024/05/img3.jpg]
[marketifythemes.net/wp/istanbul/1/create-a-wordpress-theme-from-scratch/index.html]
[marketifythemes.net/wp/istanbul/1/wp-content/uploads/2024/05/img4.jpg]
[marketifythemes.net/wp/istanbul/1/wp-content/uploads/elementor/css/post-128084f.css]
[marketifythemes.net/wp/istanbul/1/wp-content/uploads/elementor/css/post-12258f2.css]
[marketifythemes.net/wp/istanbul/1/wp-content/uploads/elementor/css/post-116e358.css]
[marketifythemes.net/wp/istanbul/1/wp-content/uploads/elementor/css/post-93f4a0.css]
[marketifythemes.net/wp/istanbul/1/wp-content/plugins/elementor/assets/lib/font-awesome/css/fontawesome.min52d5.css]
[marketifythemes.net/wp/istanbul/1/latest-posts/index.html]
[marketifythemes.net/wp/istanbul/1/wp-content/plugins/elementor/assets/lib/font-awesome/css/solid.min52d5.css]
[marketifythemes.net/wp/istanbul/1/wp-content/uploads/elementor/css/post-74f2f6.css]
[marketifythemes.net/wp/istanbul/1/wp-json/wp/v2/pages/74.json]
[marketifythemes.net/wp/istanbul/1/wp-json/oembed/1.0/embedc7f7.json]
[marketifythemes.net/wp/istanbul/1/wp-json/oembed/1.0/embed8114]
[marketifythemes.net/wp/istanbul/1/wp-content/uploads/2024/05/bg.jpg]
[marketifythemes.net/wp/istanbul/1/get-in-touch/index.html]
[marketifythemes.net/wp/istanbul/1/t]
[marketifythemes.net/wp/istanbul/1/wp-content/plugins/contact-form-7/includes/swv/js/indexd9cd.js]
[marketifythemes.net/wp/istanbul/1/wp-content/plugins/contact-form-7/includes/js/indexd9cd.js]
[marketifythemes.net/wp/istanbul/1/wp-content/themes/istanbul/assets/js/owl.carousel.min9bad.js]
[marketifythemes.net/wp/istanbul/1/wp-content/themes/istanbul/assets/js/isotope9bad.js]
[marketifythemes.net/wp/istanbul/1/wp-content/themes/istanbul/assets/js/init9bad.js]
[marketifythemes.net/wp/istanbul/1/wp-includes/js/comment-reply.minadc6.js]
[marketifythemes.net/wp/istanbul/1/wp-content/plugins/elementor/assets/js/webpack.runtime.min3cad.js]
[marketifythemes.net/wp/istanbul/1/wp-content/plugins/elementor/assets/js/frontend-modules.min3cad.js]
[marketifythemes.net/wp/istanbul/1/wp-content/plugins/elementor/assets/lib/waypoints/waypoints.min05da.js]
[marketifythemes.net/wp/istanbul/1/wp-includes/js/jquery/ui/core.min3f14.js]
[marketifythemes.net/wp/istanbul/1/vg_ex_link/index.html]
[marketifythemes.net/wp/istanbul/1/-negative.svg]
[marketifythemes.net/wp/istanbul/1/wp-content/plugins/elementor/assets/js/frontend.min3cad.js]
[marketifythemes.net/wp/istanbul/1/wp-content/plugins/istanbul-core/elementor/assets/js/parallax-effect68b3.js]
[marketifythemes.net/wp/istanbul/1/wp-content/plugins/istanbul-core/elementor/assets/js/waypoints68b3.js]
[marketifythemes.net/wp/istanbul/1/wp-content/plugins/istanbul-core/elementor/assets/js/countto68b3.js]
[marketifythemes.net/wp/istanbul/1/wp-content/plugins/istanbul-core/elementor/assets/js/headline-animation68b3.js]
[marketifythemes.net/wp/istanbul/1/wp-content/plugins/istanbul-core/elementor/assets/js/init68b3.js]
[marketifythemes.net/wp/istanbul/1/wp-content/plugins/elementor/assets/lib/eicons/fonts/eicons8016.svg]
[marketifythemes.net/wp/istanbul/1/wp-content/themes/istanbul/assets/webfonts/fa-brands-400.svg]
[marketifythemes.net/wp/istanbul/1/wp-content/themes/istanbul/assets/webfonts/fa-regular-400.svg]
[marketifythemes.net/wp/istanbul/1/wp-content/themes/istanbul/assets/webfonts/fa-solid-900.svg]
[marketifythemes.net/wp/istanbul/1/wp-content/themes/istanbul/assets/css/owl.video.play.html]
[marketifythemes.net/wp/istanbul/1/wp-content/themes/istanbul/assets/css/font/fontello4c98.svg]
[marketifythemes.net/wp/istanbul/1/wp-content/uploads/elementor/css/post-26ea7a.css]
[marketifythemes.net/wp/istanbul/1/index88b9.html]
[marketifythemes.net/wp/istanbul/1/OPR/index.html]
[marketifythemes.net/wp/istanbul/1/category/marketing/index.html]
[marketifythemes.net/wp/istanbul/1/wp-json/wp/v2/categories/17.json]
[marketifythemes.net/wp/istanbul/1/category/marketing/feed/index.html]
[marketifythemes.net/wp/istanbul/1/category/digital/index.html]
[marketifythemes.net/wp/istanbul/1/wp-json/wp/v2/categories/16.json]
[marketifythemes.net/wp/istanbul/1/category/digital/feed/index.html]
[marketifythemes.net/wp/istanbul/1/category/portfolio/index.html]
[marketifythemes.net/wp/istanbul/1/wp-json/wp/v2/categories/13.json]
[marketifythemes.net/wp/istanbul/1/category/portfolio/feed/index.html]
[marketifythemes.net/wp/istanbul/1/category/creative/index.html]
[marketifythemes.net/wp/istanbul/1/wp-json/wp/v2/categories/12.json]
[marketifythemes.net/wp/istanbul/1/category/creative/feed/index.html]
[marketifythemes.net/wp/istanbul/1/category/wordpress/index.html]
[marketifythemes.net/wp/istanbul/1/wp-json/wp/v2/categories/15.json]
[marketifythemes.net/wp/istanbul/1/category/wordpress/feed/index.html]
[marketifythemes.net/wp/istanbul/1/category/theme/index.html]
[marketifythemes.net/wp/istanbul/1/wp-json/wp/v2/categories/14.json]
[marketifythemes.net/wp/istanbul/1/category/theme/feed/index.html]
[marketifythemes.net/wp/istanbul/1/category/blog/index.html]
[marketifythemes.net/wp/istanbul/1/index8054.html]
[marketifythemes.net/wp/istanbul/1/project-cat/image/index.html]
[marketifythemes.net/wp/istanbul/1/project-cat/vimeo/index.html]
[marketifythemes.net/wp/istanbul/1/wp-json/wp/v2/categories/11.json]
[marketifythemes.net/wp/istanbul/1/project-cat/youtube/index.html]
[marketifythemes.net/wp/istanbul/1/category/blog/feed/index.html]
[marketifythemes.net/wp/istanbul/1/project-cat/image/feed/index.html]
[marketifythemes.net/wp/istanbul/1/project/tulips/index.html]
[marketifythemes.net/wp/istanbul/1/project/index.html]
[marketifythemes.net/wp/istanbul/1/2024/05/28/index.html]
[marketifythemes.net/wp/istanbul/1/wp-content/uploads/2024/05/img10.jpg]
[marketifythemes.net/wp/istanbul/1/project-cat/slider/index.html]
[marketifythemes.net/wp/istanbul/1/project/instrument/index.html]
[marketifythemes.net/wp/istanbul/1/wp-content/uploads/2024/05/img11.jpg]
[marketifythemes.net/wp/istanbul/1/project-cat/video/index.html]
[marketifythemes.net/wp/istanbul/1/project-cat/vimeo/feed/index.html]
[marketifythemes.net/wp/istanbul/1/project-cat/soundcloud/index.html]
[marketifythemes.net/wp/istanbul/1/project/plants/index.html]
[marketifythemes.net/wp/istanbul/1/project/clock/index.html]
[marketifythemes.net/wp/istanbul/1/project/mockup/index.html]
[marketifythemes.net/wp/istanbul/1/wp-includes/css/dist/block-library/style.minadc6.css]
[marketifythemes.net/wp/istanbul/1/project-cat/youtube/feed/index.html]
[marketifythemes.net/wp/istanbul/1/project-cat/slider/feed/index.html]
[marketifythemes.net/wp/istanbul/1/index735a.html]
[marketifythemes.net/wp/istanbul/1/project/strawberry/index.html]
[marketifythemes.net/wp/istanbul/1/project-cat/video/feed/index.html]
[marketifythemes.net/wp/istanbul/1/project/plant/index.html]
[marketifythemes.net/wp/istanbul/1/project/cosmetics/index.html]
[marketifythemes.net/wp/istanbul/1/project-cat/soundcloud/feed/index.html]
[marketifythemes.net/wp/istanbul/1/project/cactus/index.html]
[marketifythemes.net/wp/istanbul/1/wp-json/wp/v2/posts/128.json]
[marketifythemes.net/wp/istanbul/1/effective-marketing-strategy/feed/index.html]
[marketifythemes.net/wp/istanbul/1/wp-json/oembed/1.0/embede065.json]
[marketifythemes.net/wp/istanbul/1/effective-marketing-strategy/index.html]
[marketifythemes.net/wp/istanbul/1/wp-json/oembed/1.0/embed14c3]
[marketifythemes.net/wp/istanbul/1/wp-json/wp/v2/users/1.json]
[marketifythemes.net/wp/istanbul/1/author/marketify/index.html]
[marketifythemes.net/wp/istanbul/1/effective-marketing-strategy/index8528.html]
[marketifythemes.net/wp/istanbul/1/effective-marketing-strategy/indexa79a.html]
[marketifythemes.net/wp/istanbul/1/effective-marketing-strategy/index6f0d.html]
[marketifythemes.net/wp/istanbul/1/2024/05/27/index.html]
[marketifythemes.net/wp/istanbul/1/2024/05/index.html]
[marketifythemes.net/wp/istanbul/1/author/marketify/feed/index.html]
[marketifythemes.net/wp/istanbul/1/wp-json/wp/v2/posts/122.json]
[marketifythemes.net/wp/istanbul/1/why-themeforest-is-the-best/feed/index.html]
[marketifythemes.net/wp/istanbul/1/wp-json/oembed/1.0/embed6f77.json]
[marketifythemes.net/wp/istanbul/1/why-themeforest-is-the-best/index.html]
[marketifythemes.net/wp/istanbul/1/wp-json/oembed/1.0/embed54e0]
[marketifythemes.net/wp/istanbul/1/collaborating-with-envato/feed/index.html]
[marketifythemes.net/wp/istanbul/1/wp-json/wp/v2/posts/116.json]
[marketifythemes.net/wp/istanbul/1/wp-json/oembed/1.0/embededaa.json]
[marketifythemes.net/wp/istanbul/1/collaborating-with-envato/index.html]
[marketifythemes.net/wp/istanbul/1/wp-json/oembed/1.0/embedce16]
[marketifythemes.net/wp/istanbul/1/wp-json/wp/v2/posts/93.json]
[marketifythemes.net/wp/istanbul/1/create-a-wordpress-theme-from-scratch/feed/index.html]
[marketifythemes.net/wp/istanbul/1/wp-json/oembed/1.0/embed3143.json]
[marketifythemes.net/wp/istanbul/1/create-a-wordpress-theme-from-scratch/index.html]
[marketifythemes.net/wp/istanbul/1/wp-content/uploads/elementor/css/post-128084f.css]
[marketifythemes.net/wp/istanbul/1/wp-json/oembed/1.0/embed0802]
[marketifythemes.net/wp/istanbul/1/wp-content/uploads/elementor/css/post-12258f2.css]
[marketifythemes.net/wp/istanbul/1/create-a-wordpress-theme-from-scratch/indexa858.html]
[marketifythemes.net/wp/istanbul/1/create-a-wordpress-theme-from-scratch/indexfa40.html]
[marketifythemes.net/wp/istanbul/1/wp-content/uploads/elementor/css/post-116e358.css]
[marketifythemes.net/wp/istanbul/1/wp-content/uploads/elementor/css/post-93f4a0.css]
[marketifythemes.net/wp/istanbul/1/wp-content/plugins/elementor/assets/lib/font-awesome/css/fontawesome.min52d5.css]
[marketifythemes.net/wp/istanbul/1/create-a-wordpress-theme-from-scratch/index04d3.html]
[marketifythemes.net/wp/istanbul/1/create-a-wordpress-theme-from-scratch/index360b.html]
[marketifythemes.net/wp/istanbul/1/wp-content/plugins/elementor/assets/lib/font-awesome/webfonts/fa-solid-900.eot]
[marketifythemes.net/wp/istanbul/1/wp-content/plugins/elementor/assets/lib/font-awesome/webfonts/fa-solid-900d41d.eot]
[marketifythemes.net/wp/istanbul/1/wp-content/plugins/elementor/assets/lib/font-awesome/webfonts/fa-solid-900.woff2]
[marketifythemes.net/wp/istanbul/1/wp-content/plugins/elementor/assets/lib/font-awesome/webfonts/fa-solid-900.woff]
[marketifythemes.net/wp/istanbul/1/wp-content/plugins/elementor/assets/lib/font-awesome/webfonts/fa-solid-900.ttf]
[marketifythemes.net/wp/istanbul/1/wp-content/plugins/elementor/assets/lib/font-awesome/css/solid.min52d5.css]
[marketifythemes.net/wp/istanbul/1/wp-content/uploads/elementor/css/post-74f2f6.css]
[marketifythemes.net/wp/istanbul/1/index49a5.html]
[marketifythemes.net/wp/istanbul/1/t.html]
[marketifythemes.net/wp/istanbul/1/vg_ex_link/index.html]
[marketifythemes.net/wp/istanbul/1/-negative.html]
[marketifythemes.net/wp/istanbul/1/OPR/index.html]
[marketifythemes.net/wp/istanbul/1/project/index.html]
[marketifythemes.net/wp/istanbul/1/wp-json/oembed/1.0/embed133b.json]
[marketifythemes.net/wp/istanbul/1/project/feed/index.html]
[marketifythemes.net/wp/istanbul/1/wp-content/plugins/elementor/assets/lib/font-awesome/webfonts/fa-solid-900.svg]
[marketifythemes.net/wp/istanbul/1/project/tulips/index.html]
[marketifythemes.net/wp/istanbul/1/2024/05/28/index.html]
[marketifythemes.net/wp/istanbul/1/wp-json/oembed/1.0/embed3114]
[marketifythemes.net/wp/istanbul/1/wp-json/oembed/1.0/embedce95.json]
[marketifythemes.net/wp/istanbul/1/project/instrument/index.html]
[marketifythemes.net/wp/istanbul/1/wp-json/oembed/1.0/embed683b]
[marketifythemes.net/wp/istanbul/1/wp-json/oembed/1.0/embedb030.json]
[marketifythemes.net/wp/istanbul/1/project/clock/index.html]
[marketifythemes.net/wp/istanbul/1/wp-json/oembed/1.0/embeddf61]
[marketifythemes.net/wp/istanbul/1/wp-json/oembed/1.0/embedd935.json]
[marketifythemes.net/wp/istanbul/1/project/mockup/index.html]
[marketifythemes.net/wp/istanbul/1/wp-json/oembed/1.0/embed9ea0]
[marketifythemes.net/wp/istanbul/1/wp-json/oembed/1.0/embedbf22.json]
[marketifythemes.net/wp/istanbul/1/project/plants/index.html]
[marketifythemes.net/wp/istanbul/1/wp-json/oembed/1.0/embed8e7f]
[marketifythemes.net/wp/istanbul/1/wp-json/oembed/1.0/embed0408.json]
[marketifythemes.net/wp/istanbul/1/project/strawberry/index.html]
[marketifythemes.net/wp/istanbul/1/wp-json/oembed/1.0/embedb065]
[marketifythemes.net/wp/istanbul/1/wp-json/oembed/1.0/embed7adb.json]
[marketifythemes.net/wp/istanbul/1/project/plant/index.html]
[marketifythemes.net/wp/istanbul/1/wp-json/oembed/1.0/embedece4]
[marketifythemes.net/wp/istanbul/1/wp-json/oembed/1.0/embed6b28.json]
[marketifythemes.net/wp/istanbul/1/project/cosmetics/index.html]
[marketifythemes.net/wp/istanbul/1/wp-json/oembed/1.0/embed0bd4]
[marketifythemes.net/wp/istanbul/1/wp-json/oembed/1.0/embeda16f.json]
[marketifythemes.net/wp/istanbul/1/project/cactus/index.html]
[marketifythemes.net/wp/istanbul/1/index913e.html]
[marketifythemes.net/wp/istanbul/1/effective-marketing-strategy/index8528.html]
[marketifythemes.net/wp/istanbul/1/effective-marketing-strategy/index6f0d.html]
[marketifythemes.net/wp/istanbul/1/effective-marketing-strategy/indexa79a.html]
[marketifythemes.net/wp/istanbul/1/2024/05/index.html]
[marketifythemes.net/wp/istanbul/1/indexdb84.html]
[marketifythemes.net/wp/istanbul/1/indexd78c.html]
[marketifythemes.net/wp/istanbul/1/index36d4.html]
[marketifythemes.net/wp/istanbul/1/create-a-wordpress-theme-from-scratch/indexfa40.html]
[marketifythemes.net/wp/istanbul/1/create-a-wordpress-theme-from-scratch/indexa858.html]
[marketifythemes.net/wp/istanbul/1/create-a-wordpress-theme-from-scratch/index04d3.html]
[marketifythemes.net/wp/istanbul/1/create-a-wordpress-theme-from-scratch/index360b.html]
[marketifythemes.net/wp/istanbul/1/wp-json/oembed/1.0/embedf144]
[marketifythemes.net/wp/istanbul/1/wp-content/plugins/elementor/assets/lib/font-awesome/webfonts/fa-solid-900.svg]
[marketifythemes.net/wp/istanbul/1/index1098.html]
[marketifythemes.net/wp/istanbul/1/index8cf7.html]
[marketifythemes.net/wp/istanbul/1/index9787.html]
[marketifythemes.net/wp/istanbul/1/index5fb3.html]
[marketifythemes.net/wp/istanbul/1/indexae74.html]
[marketifythemes.net/wp/istanbul/1/index3f3a.html]
[marketifythemes.net/wp/istanbul/1/index96f1.html]
[marketifythemes.net/wp/istanbul/1/index2cce.html]
[marketifythemes.net/wp/istanbul/1/index094d.html]
